
> regis-grumberg-clone@0.0.0 build
> vite build

@vitejs/plugin-react-oxc is deprecated. Please use @vitejs/plugin-react instead. The changes of this plugin is now included in @vitejs/plugin-react.
[36mvite v7.3.1 [32mbuilding client environment for production...[36m[39m
Γ£ù Build failed in 5ms
error during build:
@vitejs/plugin-react-oxc requires rolldown-vite to be used. See https://vitejs.dev/guide/rolldown for more details about rolldown-vite.
    at Object.options (file:///D:/dataclub-main/node_modules/@vitejs/plugin-react-oxc/dist/index.js:97:42)
    at Object.handler (file:///D:/dataclub-main/node_modules/vite/dist/node/chunks/config.js:33743:13)
    at getProcessedInputOptions (file:///D:/dataclub-main/node_modules/rollup/dist/es/shared/node-entry.js:23589:48)
    at async getInputOptions (file:///D:/dataclub-main/node_modules/rollup/dist/es/shared/node-entry.js:23577:35)
    at async rollupInternal (file:///D:/dataclub-main/node_modules/rollup/dist/es/shared/node-entry.js:23494:72)
    at async buildEnvironment (file:///D:/dataclub-main/node_modules/vite/dist/node/chunks/config.js:33541:12)
    at async Object.build (file:///D:/dataclub-main/node_modules/vite/dist/node/chunks/config.js:33900:19)
    at async Object.buildApp (file:///D:/dataclub-main/node_modules/vite/dist/node/chunks/config.js:33897:153)
    at async CAC.<anonymous> (file:///D:/dataclub-main/node_modules/vite/dist/node/cli.js:629:3)
